// Jest Snapshot v1, https://goo.gl/fbAQLP

exports[`ListContainer should render the correct initial UI 1`] = `
<ListContainer>
  <input
    className="button"
    disabled={false}
    onClick={[Function]}
    type="button"
    value="Refresh"
  />
  <List
    data-testid="list"
    items={Array []}
  >
    <div
      className="no-items"
    >
       No items found.
    </div>
  </List>
</ListContainer>
`;
